Archive member included to satisfy reference by file (symbol)

c:/st/stm32cubeide_1.7.0/stm32cubeide/plugins/com.st.stm32cube.ide.mcu.externaltools.gnu-tools-for-stm32.9-2020-q2-update.win32_2.0.0.202105311346/tools/bin/../lib/gcc/arm-none-eabi/9.3.1/../../../../arm-none-eabi/lib/thumb/v8-m.main+fp/hard\libc_nano.a(lib_a-errno.o)
                              ./Application/User/syscalls.o (__errno)
c:/st/stm32cubeide_1.7.0/stm32cubeide/plugins/com.st.stm32cube.ide.mcu.externaltools.gnu-tools-for-stm32.9-2020-q2-update.win32_2.0.0.202105311346/tools/bin/../lib/gcc/arm-none-eabi/9.3.1/../../../../arm-none-eabi/lib/thumb/v8-m.main+fp/hard\libc_nano.a(lib_a-exit.o)
                              c:/st/stm32cubeide_1.7.0/stm32cubeide/plugins/com.st.stm32cube.ide.mcu.externaltools.gnu-tools-for-stm32.9-2020-q2-update.win32_2.0.0.202105311346/tools/bin/../lib/gcc/arm-none-eabi/9.3.1/../../../../arm-none-eabi/lib/thumb/v8-m.main+fp/hard/crt0.o (exit)
c:/st/stm32cubeide_1.7.0/stm32cubeide/plugins/com.st.stm32cube.ide.mcu.externaltools.gnu-tools-for-stm32.9-2020-q2-update.win32_2.0.0.202105311346/tools/bin/../lib/gcc/arm-none-eabi/9.3.1/../../../../arm-none-eabi/lib/thumb/v8-m.main+fp/hard\libc_nano.a(lib_a-impure.o)
                              c:/st/stm32cubeide_1.7.0/stm32cubeide/plugins/com.st.stm32cube.ide.mcu.externaltools.gnu-tools-for-stm32.9-2020-q2-update.win32_2.0.0.202105311346/tools/bin/../lib/gcc/arm-none-eabi/9.3.1/../../../../arm-none-eabi/lib/thumb/v8-m.main+fp/hard\libc_nano.a(lib_a-exit.o) (_global_impure_ptr)
c:/st/stm32cubeide_1.7.0/stm32cubeide/plugins/com.st.stm32cube.ide.mcu.externaltools.gnu-tools-for-stm32.9-2020-q2-update.win32_2.0.0.202105311346/tools/bin/../lib/gcc/arm-none-eabi/9.3.1/../../../../arm-none-eabi/lib/thumb/v8-m.main+fp/hard\libc_nano.a(lib_a-init.o)
                              c:/st/stm32cubeide_1.7.0/stm32cubeide/plugins/com.st.stm32cube.ide.mcu.externaltools.gnu-tools-for-stm32.9-2020-q2-update.win32_2.0.0.202105311346/tools/bin/../lib/gcc/arm-none-eabi/9.3.1/../../../../arm-none-eabi/lib/thumb/v8-m.main+fp/hard/crt0.o (__libc_init_array)
c:/st/stm32cubeide_1.7.0/stm32cubeide/plugins/com.st.stm32cube.ide.mcu.externaltools.gnu-tools-for-stm32.9-2020-q2-update.win32_2.0.0.202105311346/tools/bin/../lib/gcc/arm-none-eabi/9.3.1/../../../../arm-none-eabi/lib/thumb/v8-m.main+fp/hard\libc_nano.a(lib_a-memset.o)
                              c:/st/stm32cubeide_1.7.0/stm32cubeide/plugins/com.st.stm32cube.ide.mcu.externaltools.gnu-tools-for-stm32.9-2020-q2-update.win32_2.0.0.202105311346/tools/bin/../lib/gcc/arm-none-eabi/9.3.1/../../../../arm-none-eabi/lib/thumb/v8-m.main+fp/hard/crt0.o (memset)

Allocating common symbols
Common symbol       size              file

uwTick              0x4               ./Drivers/STM32L5xx_HAL_Driver/stm32l5xx_hal.o

Discarded input sections

 .text          0x0000000000000000        0x0 c:/st/stm32cubeide_1.7.0/stm32cubeide/plugins/com.st.stm32cube.ide.mcu.externaltools.gnu-tools-for-stm32.9-2020-q2-update.win32_2.0.0.202105311346/tools/bin/../lib/gcc/arm-none-eabi/9.3.1/thumb/v8-m.main+fp/hard/crti.o
 .data          0x0000000000000000        0x0 c:/st/stm32cubeide_1.7.0/stm32cubeide/plugins/com.st.stm32cube.ide.mcu.externaltools.gnu-tools-for-stm32.9-2020-q2-update.win32_2.0.0.202105311346/tools/bin/../lib/gcc/arm-none-eabi/9.3.1/thumb/v8-m.main+fp/hard/crti.o
 .bss           0x0000000000000000        0x0 c:/st/stm32cubeide_1.7.0/stm32cubeide/plugins/com.st.stm32cube.ide.mcu.externaltools.gnu-tools-for-stm32.9-2020-q2-update.win32_2.0.0.202105311346/tools/bin/../lib/gcc/arm-none-eabi/9.3.1/thumb/v8-m.main+fp/hard/crti.o
 .data          0x0000000000000000        0x4 c:/st/stm32cubeide_1.7.0/stm32cubeide/plugins/com.st.stm32cube.ide.mcu.externaltools.gnu-tools-for-stm32.9-2020-q2-update.win32_2.0.0.202105311346/tools/bin/../lib/gcc/arm-none-eabi/9.3.1/thumb/v8-m.main+fp/hard/crtbegin.o
 .text          0x0000000000000000       0x7c c:/st/stm32cubeide_1.7.0/stm32cubeide/plugins/com.st.stm32cube.ide.mcu.externaltools.gnu-tools-for-stm32.9-2020-q2-update.win32_2.0.0.202105311346/tools/bin/../lib/gcc/arm-none-eabi/9.3.1/../../../../arm-none-eabi/lib/thumb/v8-m.main+fp/hard/crt0.o
 .data          0x0000000000000000        0x0 c:/st/stm32cubeide_1.7.0/stm32cubeide/plugins/com.st.stm32cube.ide.mcu.externaltools.gnu-tools-for-stm32.9-2020-q2-update.win32_2.0.0.202105311346/tools/bin/../lib/gcc/arm-none-eabi/9.3.1/../../../../arm-none-eabi/lib/thumb/v8-m.main+fp/hard/crt0.o
 .bss           0x0000000000000000        0x0 c:/st/stm32cubeide_1.7.0/stm32cubeide/plugins/com.st.stm32cube.ide.mcu.externaltools.gnu-tools-for-stm32.9-2020-q2-update.win32_2.0.0.202105311346/tools/bin/../lib/gcc/arm-none-eabi/9.3.1/../../../../arm-none-eabi/lib/thumb/v8-m.main+fp/hard/crt0.o
[...]
Memory Configuration

Name             Origin             Length             Attributes
RAM              0x0000000020000000 0x0000000000030000 xrw
ROM              0x0000000008000000 0x0000000000080000 xr
*default*        0x0000000000000000 0xffffffffffffffff

Linker script and memory map

LOAD c:/st/stm32cubeide_1.7.0/stm32cubeide/plugins/com.st.stm32cube.ide.mcu.externaltools.gnu-tools-for-stm32.9-2020-q2-update.win32_2.0.0.202105311346/tools/bin/../lib/gcc/arm-none-eabi/9.3.1/thumb/v8-m.main+fp/hard/crti.o
LOAD c:/st/stm32cubeide_1.7.0/stm32cubeide/plugins/com.st.stm32cube.ide.mcu.externaltools.gnu-tools-for-stm32.9-2020-q2-update.win32_2.0.0.202105311346/tools/bin/../lib/gcc/arm-none-eabi/9.3.1/thumb/v8-m.main+fp/hard/crtbegin.o
LOAD c:/st/stm32cubeide_1.7.0/stm32cubeide/plugins/com.st.stm32cube.ide.mcu.externaltools.gnu-tools-for-stm32.9-2020-q2-update.win32_2.0.0.202105311346/tools/bin/../lib/gcc/arm-none-eabi/9.3.1/../../../../arm-none-eabi/lib/thumb/v8-m.main+fp/hard/crt0.o
LOAD ./Application/Startup/startup_stm32l562qeixq.o
LOAD ./Application/User/main.o
LOAD ./Application/User/stm32l5xx_hal_msp.o
LOAD ./Application/User/stm32l5xx_it.o
LOAD ./Application/User/syscalls.o
LOAD ./Application/User/sysmem.o
LOAD ./Drivers/BSP/STM32L562E-DK/stm32l562e_discovery.o
LOAD ./Drivers/CMSIS/system_stm32l5xx.o
LOAD ./Drivers/STM32L5xx_HAL_Driver/stm32l5xx_hal.o
LOAD ./Drivers/STM32L5xx_HAL_Driver/stm32l5xx_hal_cortex.o
LOAD ./Drivers/STM32L5xx_HAL_Driver/stm32l5xx_hal_dma.o
LOAD ./Drivers/STM32L5xx_HAL_Driver/stm32l5xx_hal_dma_ex.o
LOAD ./Drivers/STM32L5xx_HAL_Driver/stm32l5xx_hal_exti.o
LOAD ./Drivers/STM32L5xx_HAL_Driver/stm32l5xx_hal_flash.o
LOAD ./Drivers/STM32L5xx_HAL_Driver/stm32l5xx_hal_flash_ex.o
LOAD ./Drivers/STM32L5xx_HAL_Driver/stm32l5xx_hal_flash_ramfunc.o
LOAD ./Drivers/STM32L5xx_HAL_Driver/stm32l5xx_hal_gpio.o
LOAD ./Drivers/STM32L5xx_HAL_Driver/stm32l5xx_hal_gtzc.o
LOAD ./Drivers/STM32L5xx_HAL_Driver/stm32l5xx_hal_i2c.o
LOAD ./Drivers/STM32L5xx_HAL_Driver/stm32l5xx_hal_i2c_ex.o
LOAD ./Drivers/STM32L5xx_HAL_Driver/stm32l5xx_hal_icache.o
LOAD ./Drivers/STM32L5xx_HAL_Driver/stm32l5xx_hal_pwr.o
LOAD ./Drivers/STM32L5xx_HAL_Driver/stm32l5xx_hal_pwr_ex.o
LOAD ./Drivers/STM32L5xx_HAL_Driver/stm32l5xx_hal_rcc.o
LOAD ./Drivers/STM32L5xx_HAL_Driver/stm32l5xx_hal_rcc_ex.o
LOAD ./Drivers/STM32L5xx_HAL_Driver/stm32l5xx_hal_tim.o
LOAD ./Drivers/STM32L5xx_HAL_Driver/stm32l5xx_hal_tim_ex.o
START GROUP
LOAD c:/st/stm32cubeide_1.7.0/stm32cubeide/plugins/com.st.stm32cube.ide.mcu.externaltools.gnu-tools-for-stm32.9-2020-q2-update.win32_2.0.0.202105311346/tools/bin/../lib/gcc/arm-none-eabi/9.3.1/../../../../arm-none-eabi/lib/thumb/v8-m.main+fp/hard\libc_nano.a
LOAD c:/st/stm32cubeide_1.7.0/stm32cubeide/plugins/com.st.stm32cube.ide.mcu.externaltools.gnu-tools-for-stm32.9-2020-q2-update.win32_2.0.0.202105311346/tools/bin/../lib/gcc/arm-none-eabi/9.3.1/../../../../arm-none-eabi/lib/thumb/v8-m.main+fp/hard\libm.a
END GROUP
START GROUP
LOAD c:/st/stm32cubeide_1.7.0/stm32cubeide/plugins/com.st.stm32cube.ide.mcu.externaltools.gnu-tools-for-stm32.9-2020-q2-update.win32_2.0.0.202105311346/tools/bin/../lib/gcc/arm-none-eabi/9.3.1/thumb/v8-m.main+fp/hard\libgcc.a
LOAD c:/st/stm32cubeide_1.7.0/stm32cubeide/plugins/com.st.stm32cube.ide.mcu.externaltools.gnu-tools-for-stm32.9-2020-q2-update.win32_2.0.0.202105311346/tools/bin/../lib/gcc/arm-none-eabi/9.3.1/../../../../arm-none-eabi/lib/thumb/v8-m.main+fp/hard\libc_nano.a
END GROUP
START GROUP
LOAD c:/st/stm32cubeide_1.7.0/stm32cubeide/plugins/com.st.stm32cube.ide.mcu.externaltools.gnu-tools-for-stm32.9-2020-q2-update.win32_2.0.0.202105311346/tools/bin/../lib/gcc/arm-none-eabi/9.3.1/thumb/v8-m.main+fp/hard\libgcc.a
LOAD c:/st/stm32cubeide_1.7.0/stm32cubeide/plugins/com.st.stm32cube.ide.mcu.externaltools.gnu-tools-for-stm32.9-2020-q2-update.win32_2.0.0.202105311346/tools/bin/../lib/gcc/arm-none-eabi/9.3.1/../../../../arm-none-eabi/lib/thumb/v8-m.main+fp/hard\libc_nano.a
LOAD c:/st/stm32cubeide_1.7.0/stm32cubeide/plugins/com.st.stm32cube.ide.mcu.externaltools.gnu-tools-for-stm32.9-2020-q2-update.win32_2.0.0.202105311346/tools/bin/../lib/gcc/arm-none-eabi/9.3.1/../../../../arm-none-eabi/lib/thumb/v8-m.main+fp/hard\libnosys.a
END GROUP
START GROUP
LOAD c:/st/stm32cubeide_1.7.0/stm32cubeide/plugins/com.st.stm32cube.ide.mcu.externaltools.gnu-tools-for-stm32.9-2020-q2-update.win32_2.0.0.202105311346/tools/bin/../lib/gcc/arm-none-eabi/9.3.1/thumb/v8-m.main+fp/hard\libgcc.a
LOAD c:/st/stm32cubeide_1.7.0/stm32cubeide/plugins/com.st.stm32cube.ide.mcu.externaltools.gnu-tools-for-stm32.9-2020-q2-update.win32_2.0.0.202105311346/tools/bin/../lib/gcc/arm-none-eabi/9.3.1/../../../../arm-none-eabi/lib/thumb/v8-m.main+fp/hard\libc_nano.a
LOAD c:/st/stm32cubeide_1.7.0/stm32cubeide/plugins/com.st.stm32cube.ide.mcu.externaltools.gnu-tools-for-stm32.9-2020-q2-update.win32_2.0.0.202105311346/tools/bin/../lib/gcc/arm-none-eabi/9.3.1/../../../../arm-none-eabi/lib/thumb/v8-m.main+fp/hard\libnosys.a
END GROUP
LOAD c:/st/stm32cubeide_1.7.0/stm32cubeide/plugins/com.st.stm32cube.ide.mcu.externaltools.gnu-tools-for-stm32.9-2020-q2-update.win32_2.0.0.202105311346/tools/bin/../lib/gcc/arm-none-eabi/9.3.1/thumb/v8-m.main+fp/hard/crtend.o
LOAD c:/st/stm32cubeide_1.7.0/stm32cubeide/plugins/com.st.stm32cube.ide.mcu.externaltools.gnu-tools-for-stm32.9-2020-q2-update.win32_2.0.0.202105311346/tools/bin/../lib/gcc/arm-none-eabi/9.3.1/thumb/v8-m.main+fp/hard/crtn.o
                0x0000000020030000                _estack = (ORIGIN (RAM) + LENGTH (RAM))
                0x0000000000000200                _Min_Heap_Size = 0x200
                0x0000000000000400                _Min_Stack_Size = 0x400

.isr_vector     0x0000000008000000      0x1f8
                0x0000000008000000                . = ALIGN (0x8)
 *(.isr_vector)
 .isr_vector    0x0000000008000000      0x1f4 ./Application/Startup/startup_stm32l562qeixq.o
                0x0000000008000000                g_pfnVectors
                0x00000000080001f8                . = ALIGN (0x8)
 *fill*         0x00000000080001f4        0x4 

.text           0x00000000080001f8     0x1d38
                0x00000000080001f8                . = ALIGN (0x8)
 *(.text)
 .text          0x00000000080001f8       0x40 c:/st/stm32cubeide_1.7.0/stm32cubeide/plugins/com.st.stm32cube.ide.mcu.externaltools.gnu-tools-for-stm32.9-2020-q2-update.win32_2.0.0.202105311346/tools/bin/../lib/gcc/arm-none-eabi/9.3.1/thumb/v8-m.main+fp/hard/crtbegin.o
 *(.text*)
 .text.Reset_Handler
                0x0000000008000238       0x50 ./Application/Startup/startup_stm32l562qeixq.o
                0x0000000008000238                Reset_Handler
 .text.Default_Handler
                0x0000000008000288        0x2 ./Application/Startup/startup_stm32l562qeixq.o
                0x0000000008000288                EXTI2_IRQHandler
                0x0000000008000288                TIM8_TRG_COM_IRQHandler
                0x0000000008000288                TIM8_CC_IRQHandler
                0x0000000008000288                EXTI5_IRQHandler
                0x0000000008000288                FLASH_S_IRQHandler
                0x0000000008000288                TIM1_CC_IRQHandler
                0x0000000008000288                TSC_IRQHandler
                0x0000000008000288                TAMP_IRQHandler
                0x0000000008000288                TIM6_IRQHandler
                0x0000000008000288                EXTI12_IRQHandler
                0x0000000008000288                DMA2_Channel8_IRQHandler
                0x0000000008000288                EXTI3_IRQHandler
                0x0000000008000288                EXTI8_IRQHandler
                0x0000000008000288                LPTIM2_IRQHandler
                0x0000000008000288                DFSDM1_FLT1_IRQHandler
                0x0000000008000288                USB_FS_IRQHandler
                0x0000000008000288                I2C3_ER_IRQHandler
                0x0000000008000288                DFSDM1_FLT2_IRQHandler
                0x0000000008000288                DMAMUX1_IRQHandler
                0x0000000008000288                LPTIM3_IRQHandler
                0x0000000008000288                EXTI0_IRQHandler
                0x0000000008000288                I2C2_EV_IRQHandler
                0x0000000008000288                FPU_IRQHandler
                0x0000000008000288                FDCAN1_IT1_IRQHandler
                0x0000000008000288                ADC1_2_IRQHandler
                0x0000000008000288                SPI1_IRQHandler
                0x0000000008000288                OCTOSPI1_IRQHandler
                0x0000000008000288                TIM8_UP_IRQHandler
                0x0000000008000288                RCC_S_IRQHandler
                0x0000000008000288                DMA2_Channel2_IRQHandler
                0x0000000008000288                DMA1_Channel4_IRQHandler
                0x0000000008000288                SAI2_IRQHandler
                0x0000000008000288                DFSDM1_FLT3_IRQHandler
                0x0000000008000288                PKA_IRQHandler
                0x0000000008000288                EXTI15_IRQHandler
                0x0000000008000288                TIM17_IRQHandler
                0x0000000008000288                USART3_IRQHandler
                0x0000000008000288                RTC_IRQHandler
                0x0000000008000288                EXTI9_IRQHandler
                0x0000000008000288                DMA1_Channel7_IRQHandler
                0x0000000008000288                UART5_IRQHandler
                0x0000000008000288                TIM4_IRQHandler
                0x0000000008000288                DMA2_Channel1_IRQHandler
                0x0000000008000288                I2C1_EV_IRQHandler
                0x0000000008000288                DMA1_Channel6_IRQHandler
                0x0000000008000288                TIM16_IRQHandler
                0x0000000008000288                UART4_IRQHandler
                0x0000000008000288                DMA2_Channel4_IRQHandler
                0x0000000008000288                SecureFault_Handler
                0x0000000008000288                TIM3_IRQHandler
                0x0000000008000288                RCC_IRQHandler
                0x0000000008000288                TIM1_TRG_COM_IRQHandler
                0x0000000008000288                DMA1_Channel1_IRQHandler
                0x0000000008000288                Default_Handler
                0x0000000008000288                DMA2_Channel7_IRQHandler
                0x0000000008000288                OTFDEC1_IRQHandler
                0x0000000008000288                DMA1_Channel8_IRQHandler
                0x0000000008000288                TIM7_IRQHandler
                0x0000000008000288                SDMMC1_IRQHandler
                0x0000000008000288                TIM5_IRQHandler
                0x0000000008000288                UCPD1_IRQHandler
                0x0000000008000288                TIM15_IRQHandler
                0x0000000008000288                I2C3_EV_IRQHandler
                0x0000000008000288                PVD_PVM_IRQHandler
                0x0000000008000288                SPI2_IRQHandler
                0x0000000008000288                EXTI14_IRQHandler
                0x0000000008000288                EXTI11_IRQHandler
                0x0000000008000288                DMA2_Channel5_IRQHandler
                0x0000000008000288                CRS_IRQHandler
                0x0000000008000288                DMA1_Channel5_IRQHandler
                0x0000000008000288                EXTI4_IRQHandler
                0x0000000008000288                RTC_S_IRQHandler
                0x0000000008000288                RNG_IRQHandler
                0x0000000008000288                DMAMUX1_S_IRQHandler
                0x0000000008000288                DMA1_Channel3_IRQHandler
                0x0000000008000288                COMP_IRQHandler
                0x0000000008000288                TIM1_UP_IRQHandler
                0x0000000008000288                WWDG_IRQHandler
                0x0000000008000288                I2C4_EV_IRQHandler
                0x0000000008000288                LPUART1_IRQHandler
                0x0000000008000288                DMA2_Channel6_IRQHandler
                0x0000000008000288                FDCAN1_IT0_IRQHandler
                0x0000000008000288                TIM2_IRQHandler
                0x0000000008000288                TAMP_S_IRQHandler
                0x0000000008000288                EXTI7_IRQHandler
                0x0000000008000288                TIM1_BRK_IRQHandler
                0x0000000008000288                DAC_IRQHandler
                0x0000000008000288                EXTI1_IRQHandler
                0x0000000008000288                AES_IRQHandler
                0x0000000008000288                GTZC_IRQHandler
                0x0000000008000288                USART2_IRQHandler
                0x0000000008000288                DFSDM1_FLT0_IRQHandler
                0x0000000008000288                I2C2_ER_IRQHandler
                0x0000000008000288                DMA1_Channel2_IRQHandler
                0x0000000008000288                TIM8_BRK_IRQHandler
                0x0000000008000288                FLASH_IRQHandler
                0x0000000008000288                USART1_IRQHandler
                0x0000000008000288                EXTI10_IRQHandler
                0x0000000008000288                SPI3_IRQHandler
                0x0000000008000288                I2C1_ER_IRQHandler
                0x0000000008000288                FMC_IRQHandler
                0x0000000008000288                EXTI6_IRQHandler
                0x0000000008000288                LPTIM1_IRQHandler
                0x0000000008000288                I2C4_ER_IRQHandler
                0x0000000008000288                ICACHE_IRQHandler
                0x0000000008000288                SAI1_IRQHandler
                0x0000000008000288                HASH_IRQHandler
                0x0000000008000288                DMA2_Channel3_IRQHandler
 .text.main     0x000000000800028a       0x1c ./Application/User/main.o
                0x000000000800028a                main
 .text.SystemClock_Config
                0x00000000080002a6       0xa2 ./Application/User/main.o
                0x00000000080002a6                SystemClock_Config
 .text.MX_ICACHE_Init
                0x0000000008000348       0x26 ./Application/User/main.o
 *fill*         0x000000000800036e        0x2 
 .text.EXTI13_IRQHandler_Config
                0x0000000008000370       0x58 ./Application/User/main.o
 .text.HAL_GPIO_EXTI_Falling_Callback
                0x00000000080003c8       0x20 ./Application/User/main.o
                0x00000000080003c8                HAL_GPIO_EXTI_Falling_Callback
 .text.Error_Handler
                0x00000000080003e8        0x6 ./Application/User/main.o
                0x00000000080003e8                Error_Handler
 *fill*         0x00000000080003ee        0x2 
 .text.HAL_MspInit
                0x00000000080003f0       0x48 ./Application/User/stm32l5xx_hal_msp.o
                0x00000000080003f0                HAL_MspInit
 .text.NMI_Handler
                0x0000000008000438        0xe ./Application/User/stm32l5xx_it.o
                0x0000000008000438                NMI_Handler
 .text.HardFault_Handler
                0x0000000008000446        0x6 ./Application/User/stm32l5xx_it.o
                0x0000000008000446                HardFault_Handler
 .text.MemManage_Handler
                0x000000000800044c        0x6 ./Application/User/stm32l5xx_it.o
                0x000000000800044c                MemManage_Handler
 .text.BusFault_Handler
                0x0000000008000452        0x6 ./Application/User/stm32l5xx_it.o
                0x0000000008000452                BusFault_Handler
 .text.UsageFault_Handler
                0x0000000008000458        0x6 ./Application/User/stm32l5xx_it.o
                0x0000000008000458                UsageFault_Handler
 .text.SVC_Handler
                0x000000000800045e        0xe ./Application/User/stm32l5xx_it.o
                0x000000000800045e                SVC_Handler
 .text.DebugMon_Handler
                0x000000000800046c        0xe ./Application/User/stm32l5xx_it.o
                0x000000000800046c                DebugMon_Handler
 .text.PendSV_Handler
                0x000000000800047a        0xe ./Application/User/stm32l5xx_it.o
                0x000000000800047a                PendSV_Handler
 .text.SysTick_Handler
                0x0000000008000488        0xc ./Application/User/stm32l5xx_it.o
                0x0000000008000488                SysTick_Handler
 .text.EXTI13_IRQHandler
                0x0000000008000494       0x10 ./Application/User/stm32l5xx_it.o
                0x0000000008000494                EXTI13_IRQHandler
 .text.BSP_LED_Init
                0x00000000080004a4       0xbc ./Drivers/BSP/STM32L562E-DK/stm32l562e_discovery.o
                0x00000000080004a4                BSP_LED_Init
 .text.BSP_LED_Toggle
                0x0000000008000560       0x38 ./Drivers/BSP/STM32L562E-DK/stm32l562e_discovery.o
                0x0000000008000560                BSP_LED_Toggle
 .text.SystemInit
                0x0000000008000598       0x24 ./Drivers/CMSIS/system_stm32l5xx.o
                0x0000000008000598                SystemInit
 .text.SystemCoreClockUpdate
                0x00000000080005bc      0x158 ./Drivers/CMSIS/system_stm32l5xx.o
                0x00000000080005bc                SystemCoreClockUpdate
 .text.HAL_Init
                0x0000000008000714       0x34 ./Drivers/STM32L5xx_HAL_Driver/stm32l5xx_hal.o
                0x0000000008000714                HAL_Init
 .text.HAL_InitTick
                0x0000000008000748       0x78 ./Drivers/STM32L5xx_HAL_Driver/stm32l5xx_hal.o
                0x0000000008000748                HAL_InitTick
 .text.HAL_IncTick
                0x00000000080007c0       0x28 ./Drivers/STM32L5xx_HAL_Driver/stm32l5xx_hal.o
                0x00000000080007c0                HAL_IncTick
 .text.HAL_GetTick
                0x00000000080007e8       0x18 ./Drivers/STM32L5xx_HAL_Driver/stm32l5xx_hal.o
                0x00000000080007e8                HAL_GetTick
 .text.__NVIC_SetPriorityGrouping
                0x0000000008000800       0x48 ./Drivers/STM32L5xx_HAL_Driver/stm32l5xx_hal_cortex.o
 .text.__NVIC_GetPriorityGrouping
                0x0000000008000848       0x1c ./Drivers/STM32L5xx_HAL_Driver/stm32l5xx_hal_cortex.o
 .text.__NVIC_EnableIRQ
                0x0000000008000864       0x3c ./Drivers/STM32L5xx_HAL_Driver/stm32l5xx_hal_cortex.o
 .text.__NVIC_SetPriority
                0x00000000080008a0       0x54 ./Drivers/STM32L5xx_HAL_Driver/stm32l5xx_hal_cortex.o
 .text.NVIC_EncodePriority
                0x00000000080008f4       0x66 ./Drivers/STM32L5xx_HAL_Driver/stm32l5xx_hal_cortex.o
 *fill*         0x000000000800095a        0x2 
 .text.SysTick_Config
                0x000000000800095c       0x44 ./Drivers/STM32L5xx_HAL_Driver/stm32l5xx_hal_cortex.o
 .text.HAL_NVIC_SetPriorityGrouping
                0x00000000080009a0       0x16 ./Drivers/STM32L5xx_HAL_Driver/stm32l5xx_hal_cortex.o
                0x00000000080009a0                HAL_NVIC_SetPriorityGrouping
 .text.HAL_NVIC_SetPriority
                0x00000000080009b6       0x34 ./Drivers/STM32L5xx_HAL_Driver/stm32l5xx_hal_cortex.o
                0x00000000080009b6                HAL_NVIC_SetPriority
 .text.HAL_NVIC_EnableIRQ
                0x00000000080009ea       0x1c ./Drivers/STM32L5xx_HAL_Driver/stm32l5xx_hal_cortex.o
                0x00000000080009ea                HAL_NVIC_EnableIRQ
 .text.HAL_SYSTICK_Config
                0x0000000008000a06       0x18 ./Drivers/STM32L5xx_HAL_Driver/stm32l5xx_hal_cortex.o
                0x0000000008000a06                HAL_SYSTICK_Config
 *fill*         0x0000000008000a1e        0x2 
 .text.HAL_GPIO_Init
                0x0000000008000a20      0x300 ./Drivers/STM32L5xx_HAL_Driver/stm32l5xx_hal_gpio.o
                0x0000000008000a20                HAL_GPIO_Init
 .text.HAL_GPIO_WritePin
                0x0000000008000d20       0x30 ./Drivers/STM32L5xx_HAL_Driver/stm32l5xx_hal_gpio.o
                0x0000000008000d20                HAL_GPIO_WritePin
 .text.HAL_GPIO_TogglePin
                0x0000000008000d50       0x34 ./Drivers/STM32L5xx_HAL_Driver/stm32l5xx_hal_gpio.o
                0x0000000008000d50                HAL_GPIO_TogglePin
 .text.HAL_GPIO_EXTI_IRQHandler
                0x0000000008000d84       0x4c ./Drivers/STM32L5xx_HAL_Driver/stm32l5xx_hal_gpio.o
                0x0000000008000d84                HAL_GPIO_EXTI_IRQHandler
 .text.HAL_GPIO_EXTI_Rising_Callback
                0x0000000008000dd0       0x16 ./Drivers/STM32L5xx_HAL_Driver/stm32l5xx_hal_gpio.o
                0x0000000008000dd0                HAL_GPIO_EXTI_Rising_Callback
 *fill*         0x0000000008000de6        0x2 
 .text.HAL_ICACHE_ConfigAssociativityMode
                0x0000000008000de8       0x40 ./Drivers/STM32L5xx_HAL_Driver/stm32l5xx_hal_icache.o
                0x0000000008000de8                HAL_ICACHE_ConfigAssociativityMode
 .text.HAL_ICACHE_Enable
                0x0000000008000e28       0x20 ./Drivers/STM32L5xx_HAL_Driver/stm32l5xx_hal_icache.o
                0x0000000008000e28                HAL_ICACHE_Enable
 .text.HAL_PWREx_GetVoltageRange
                0x0000000008000e48       0x1c ./Drivers/STM32L5xx_HAL_Driver/stm32l5xx_hal_pwr_ex.o
                0x0000000008000e48                HAL_PWREx_GetVoltageRange
 .text.HAL_PWREx_ControlVoltageScaling
                0x0000000008000e64       0xb8 ./Drivers/STM32L5xx_HAL_Driver/stm32l5xx_hal_pwr_ex.o
                0x0000000008000e64                HAL_PWREx_ControlVoltageScaling
 .text.HAL_PWREx_EnableVddIO2
                0x0000000008000f1c       0x20 ./Drivers/STM32L5xx_HAL_Driver/stm32l5xx_hal_pwr_ex.o
                0x0000000008000f1c                HAL_PWREx_EnableVddIO2
 .text.HAL_PWREx_DisableUCPDDeadBattery
                0x0000000008000f3c       0x20 ./Drivers/STM32L5xx_HAL_Driver/stm32l5xx_hal_pwr_ex.o
                0x0000000008000f3c                HAL_PWREx_DisableUCPDDeadBattery
 .text.HAL_PWREx_SMPS_GetEffectiveMode
                0x0000000008000f5c       0x48 ./Drivers/STM32L5xx_HAL_Driver/stm32l5xx_hal_pwr_ex.o
                0x0000000008000f5c                HAL_PWREx_SMPS_GetEffectiveMode
 .text.HAL_RCC_OscConfig
                0x0000000008000fa4      0x9ac ./Drivers/STM32L5xx_HAL_Driver/stm32l5xx_hal_rcc.o
                0x0000000008000fa4                HAL_RCC_OscConfig
 .text.HAL_RCC_ClockConfig
                0x0000000008001950      0x270 ./Drivers/STM32L5xx_HAL_Driver/stm32l5xx_hal_rcc.o
                0x0000000008001950                HAL_RCC_ClockConfig
 .text.HAL_RCC_GetSysClockFreq
                0x0000000008001bc0      0x138 ./Drivers/STM32L5xx_HAL_Driver/stm32l5xx_hal_rcc.o
                0x0000000008001bc0                HAL_RCC_GetSysClockFreq
 .text.HAL_RCC_GetHCLKFreq
                0x0000000008001cf8       0x28 ./Drivers/STM32L5xx_HAL_Driver/stm32l5xx_hal_rcc.o
                0x0000000008001cf8                HAL_RCC_GetHCLKFreq
 .text.RCC_SetFlashLatencyFromMSIRange
                0x0000000008001d20       0xc8 ./Drivers/STM32L5xx_HAL_Driver/stm32l5xx_hal_rcc.o
 .text.RCC_GetSysClockFreqFromPLLSource
                0x0000000008001de8       0xd8 ./Drivers/STM32L5xx_HAL_Driver/stm32l5xx_hal_rcc.o
 .text.__libc_init_array
                0x0000000008001ec0       0x48 c:/st/stm32cubeide_1.7.0/stm32cubeide/plugins/com.st.stm32cube.ide.mcu.externaltools.gnu-tools-for-stm32.9-2020-q2-update.win32_2.0.0.202105311346/tools/bin/../lib/gcc/arm-none-eabi/9.3.1/../../../../arm-none-eabi/lib/thumb/v8-m.main+fp/hard\libc_nano.a(lib_a-init.o)
                0x0000000008001ec0                __libc_init_array
 .text.memset   0x0000000008001f08       0x10 c:/st/stm32cubeide_1.7.0/stm32cubeide/plugins/com.st.stm32cube.ide.mcu.externaltools.gnu-tools-for-stm32.9-2020-q2-update.win32_2.0.0.202105311346/tools/bin/../lib/gcc/arm-none-eabi/9.3.1/../../../../arm-none-eabi/lib/thumb/v8-m.main+fp/hard\libc_nano.a(lib_a-memset.o)
                0x0000000008001f08                memset
 *(.glue_7)
 .glue_7        0x0000000008001f18        0x0 linker stubs
 *(.glue_7t)
 .glue_7t       0x0000000008001f18        0x0 linker stubs
 *(.eh_frame)
 .eh_frame      0x0000000008001f18        0x0 c:/st/stm32cubeide_1.7.0/stm32cubeide/plugins/com.st.stm32cube.ide.mcu.externaltools.gnu-tools-for-stm32.9-2020-q2-update.win32_2.0.0.202105311346/tools/bin/../lib/gcc/arm-none-eabi/9.3.1/thumb/v8-m.main+fp/hard/crtbegin.o
 *(.init)
 .init          0x0000000008001f18        0x4 c:/st/stm32cubeide_1.7.0/stm32cubeide/plugins/com.st.stm32cube.ide.mcu.externaltools.gnu-tools-for-stm32.9-2020-q2-update.win32_2.0.0.202105311346/tools/bin/../lib/gcc/arm-none-eabi/9.3.1/thumb/v8-m.main+fp/hard/crti.o
                0x0000000008001f18                _init
 .init          0x0000000008001f1c        0x8 c:/st/stm32cubeide_1.7.0/stm32cubeide/plugins/com.st.stm32cube.ide.mcu.externaltools.gnu-tools-for-stm32.9-2020-q2-update.win32_2.0.0.202105311346/tools/bin/../lib/gcc/arm-none-eabi/9.3.1/thumb/v8-m.main+fp/hard/crtn.o
 *(.fini)
 .fini          0x0000000008001f24        0x4 c:/st/stm32cubeide_1.7.0/stm32cubeide/plugins/com.st.stm32cube.ide.mcu.externaltools.gnu-tools-for-stm32.9-2020-q2-update.win32_2.0.0.202105311346/tools/bin/../lib/gcc/arm-none-eabi/9.3.1/thumb/v8-m.main+fp/hard/crti.o
                0x0000000008001f24                _fini
 .fini          0x0000000008001f28        0x8 c:/st/stm32cubeide_1.7.0/stm32cubeide/plugins/com.st.stm32cube.ide.mcu.externaltools.gnu-tools-for-stm32.9-2020-q2-update.win32_2.0.0.202105311346/tools/bin/../lib/gcc/arm-none-eabi/9.3.1/thumb/v8-m.main+fp/hard/crtn.o
                0x0000000008001f30                . = ALIGN (0x8)
                0x0000000008001f30                _etext = .

.vfp11_veneer   0x0000000008001f30        0x0
 .vfp11_veneer  0x0000000008001f30        0x0 linker stubs

.v4_bx          0x0000000008001f30        0x0
 .v4_bx         0x0000000008001f30        0x0 linker stubs

.iplt           0x0000000008001f30        0x0
 .iplt          0x0000000008001f30        0x0 c:/st/stm32cubeide_1.7.0/stm32cubeide/plugins/com.st.stm32cube.ide.mcu.externaltools.gnu-tools-for-stm32.9-2020-q2-update.win32_2.0.0.202105311346/tools/bin/../lib/gcc/arm-none-eabi/9.3.1/thumb/v8-m.main+fp/hard/crtbegin.o

.rodata         0x0000000008001f30       0x50
                0x0000000008001f30                . = ALIGN (0x8)
 *(.rodata)
 *(.rodata*)
 .rodata.AHBPrescTable
                0x0000000008001f30       0x10 ./Drivers/CMSIS/system_stm32l5xx.o
                0x0000000008001f30                AHBPrescTable
 .rodata.MSIRangeTable
                0x0000000008001f40       0x40 ./Drivers/CMSIS/system_stm32l5xx.o
                0x0000000008001f40                MSIRangeTable
                0x0000000008001f80                . = ALIGN (0x8)

.rel.dyn        0x0000000008001f80        0x0
 .rel.iplt      0x0000000008001f80        0x0 c:/st/stm32cubeide_1.7.0/stm32cubeide/plugins/com.st.stm32cube.ide.mcu.externaltools.gnu-tools-for-stm32.9-2020-q2-update.win32_2.0.0.202105311346/tools/bin/../lib/gcc/arm-none-eabi/9.3.1/thumb/v8-m.main+fp/hard/crtbegin.o

.ARM.extab      0x0000000008001f80        0x0
                0x0000000008001f80                . = ALIGN (0x8)
 *(.ARM.extab* .gnu.linkonce.armextab.*)
                0x0000000008001f80                . = ALIGN (0x8)

.ARM            0x0000000008001f80        0x0
                0x0000000008001f80                . = ALIGN (0x8)
                0x0000000008001f80                __exidx_start = .
 *(.ARM.exidx*)
                0x0000000008001f80                __exidx_end = .
                0x0000000008001f80                . = ALIGN (0x8)

.preinit_array  0x0000000008001f80        0x0
                0x0000000008001f80                . = ALIGN (0x8)
                0x0000000008001f80                PROVIDE (__preinit_array_start = .)
 *(.preinit_array*)
                0x0000000008001f80                PROVIDE (__preinit_array_end = .)
                0x0000000008001f80                . = ALIGN (0x8)

.init_array     0x0000000008001f80        0x8
                0x0000000008001f80                . = ALIGN (0x8)
                0x0000000008001f80                PROVIDE (__init_array_start = .)
 *(SORT_BY_NAME(.init_array.*))
 *(.init_array*)
 .init_array    0x0000000008001f80        0x4 c:/st/stm32cubeide_1.7.0/stm32cubeide/plugins/com.st.stm32cube.ide.mcu.externaltools.gnu-tools-for-stm32.9-2020-q2-update.win32_2.0.0.202105311346/tools/bin/../lib/gcc/arm-none-eabi/9.3.1/thumb/v8-m.main+fp/hard/crtbegin.o
                0x0000000008001f84                PROVIDE (__init_array_end = .)
                0x0000000008001f88                . = ALIGN (0x8)
 *fill*         0x0000000008001f84        0x4 

.fini_array     0x0000000008001f88        0x8
                0x0000000008001f88                . = ALIGN (0x8)
                [!provide]                        PROVIDE (__fini_array_start = .)
 *(SORT_BY_NAME(.fini_array.*))
 *(.fini_array*)
 .fini_array    0x0000000008001f88        0x4 c:/st/stm32cubeide_1.7.0/stm32cubeide/plugins/com.st.stm32cube.ide.mcu.externaltools.gnu-tools-for-stm32.9-2020-q2-update.win32_2.0.0.202105311346/tools/bin/../lib/gcc/arm-none-eabi/9.3.1/thumb/v8-m.main+fp/hard/crtbegin.o
                [!provide]                        PROVIDE (__fini_array_end = .)
                0x0000000008001f90                . = ALIGN (0x8)
 *fill*         0x0000000008001f8c        0x4 
                0x0000000008001f90                _sidata = LOADADDR (.data)

.data           0x0000000020000000       0x18 load address 0x0000000008001f90
                0x0000000020000000                . = ALIGN (0x8)
                0x0000000020000000                _sdata = .
 *(.data)
 *(.data*)
 .data.LED_PIN  0x0000000020000000        0x4 ./Drivers/BSP/STM32L562E-DK/stm32l562e_discovery.o
 .data.LED_PORT
                0x0000000020000004        0x8 ./Drivers/BSP/STM32L562E-DK/stm32l562e_discovery.o
 .data.SystemCoreClock
                0x000000002000000c        0x4 ./Drivers/CMSIS/system_stm32l5xx.o
                0x000000002000000c                SystemCoreClock
 .data.uwTickPrio
                0x0000000020000010        0x4 ./Drivers/STM32L5xx_HAL_Driver/stm32l5xx_hal.o
                0x0000000020000010                uwTickPrio
 .data.uwTickFreq
                0x0000000020000014        0x1 ./Drivers/STM32L5xx_HAL_Driver/stm32l5xx_hal.o
                0x0000000020000014                uwTickFreq
                0x0000000020000018                . = ALIGN (0x8)
 *fill*         0x0000000020000015        0x3 
                0x0000000020000018                _edata = .

.igot.plt       0x0000000020000018        0x0 load address 0x0000000008001fa8
 .igot.plt      0x0000000020000018        0x0 c:/st/stm32cubeide_1.7.0/stm32cubeide/plugins/com.st.stm32cube.ide.mcu.externaltools.gnu-tools-for-stm32.9-2020-q2-update.win32_2.0.0.202105311346/tools/bin/../lib/gcc/arm-none-eabi/9.3.1/thumb/v8-m.main+fp/hard/crtbegin.o
                0x0000000020000018                . = ALIGN (0x8)

.bss            0x0000000020000018       0x20 load address 0x0000000008001fa8
                0x0000000020000018                _sbss = .
                0x0000000020000018                __bss_start__ = _sbss
 *(.bss)
 .bss           0x0000000020000018       0x1c c:/st/stm32cubeide_1.7.0/stm32cubeide/plugins/com.st.stm32cube.ide.mcu.externaltools.gnu-tools-for-stm32.9-2020-q2-update.win32_2.0.0.202105311346/tools/bin/../lib/gcc/arm-none-eabi/9.3.1/thumb/v8-m.main+fp/hard/crtbegin.o
 *(.bss*)
 *(COMMON)
 COMMON         0x0000000020000034        0x4 ./Drivers/STM32L5xx_HAL_Driver/stm32l5xx_hal.o
                0x0000000020000034                uwTick
                0x0000000020000038                . = ALIGN (0x8)
                0x0000000020000038                _ebss = .
                0x0000000020000038                __bss_end__ = _ebss

._user_heap_stack
                0x0000000020000038      0x600 load address 0x0000000008001fa8
                0x0000000020000038                . = ALIGN (0x8)
                [!provide]                        PROVIDE (end = .)
                0x0000000020000038                PROVIDE (_end = .)
                0x0000000020000238                . = (. + _Min_Heap_Size)
 *fill*         0x0000000020000038      0x200 
                0x0000000020000638                . = (. + _Min_Stack_Size)
 *fill*         0x0000000020000238      0x400 
                0x0000000020000638                . = ALIGN (0x8)

/DISCARD/
 libc.a(*)
 libm.a(*)
 libgcc.a(*)

.ARM.attributes
                0x0000000000000000       0x36
 *(.ARM.attributes)
 .ARM.attributes
                0x0000000000000000       0x22 c:/st/stm32cubeide_1.7.0/stm32cubeide/plugins/com.st.stm32cube.ide.mcu.externaltools.gnu-tools-for-stm32.9-2020-q2-update.win32_2.0.0.202105311346/tools/bin/../lib/gcc/arm-none-eabi/9.3.1/thumb/v8-m.main+fp/hard/crti.o
 .ARM.attributes
                0x0000000000000022       0x38 c:/st/stm32cubeide_1.7.0/stm32cubeide/plugins/com.st.stm32cube.ide.mcu.externaltools.gnu-tools-for-stm32.9-2020-q2-update.win32_2.0.0.202105311346/tools/bin/../lib/gcc/arm-none-eabi/9.3.1/thumb/v8-m.main+fp/hard/crtbegin.o
 .ARM.attributes
                0x000000000000005a       0x24 ./Application/Startup/startup_stm32l562qeixq.o
 .ARM.attributes
                0x000000000000007e       0x3a ./Application/User/main.o
 .ARM.attributes
                0x00000000000000b8       0x3a ./Application/User/stm32l5xx_hal_msp.o
 .ARM.attributes
                0x00000000000000f2       0x3a ./Application/User/stm32l5xx_it.o
 .ARM.attributes
                0x000000000000012c       0x3a ./Drivers/BSP/STM32L562E-DK/stm32l562e_discovery.o
 .ARM.attributes
                0x0000000000000166       0x3a ./Drivers/CMSIS/system_stm32l5xx.o
 .ARM.attributes
                0x00000000000001a0       0x3a ./Drivers/STM32L5xx_HAL_Driver/stm32l5xx_hal.o
 .ARM.attributes
                0x00000000000001da       0x3a ./Drivers/STM32L5xx_HAL_Driver/stm32l5xx_hal_cortex.o
 .ARM.attributes
                0x0000000000000214       0x3a ./Drivers/STM32L5xx_HAL_Driver/stm32l5xx_hal_gpio.o
 .ARM.attributes
                0x000000000000024e       0x3a ./Drivers/STM32L5xx_HAL_Driver/stm32l5xx_hal_icache.o
 .ARM.attributes
                0x0000000000000288       0x3a ./Drivers/STM32L5xx_HAL_Driver/stm32l5xx_hal_pwr_ex.o
 .ARM.attributes
                0x00000000000002c2       0x3a ./Drivers/STM32L5xx_HAL_Driver/stm32l5xx_hal_rcc.o
 .ARM.attributes
                0x00000000000002fc       0x38 c:/st/stm32cubeide_1.7.0/stm32cubeide/plugins/com.st.stm32cube.ide.mcu.externaltools.gnu-tools-for-stm32.9-2020-q2-update.win32_2.0.0.202105311346/tools/bin/../lib/gcc/arm-none-eabi/9.3.1/../../../../arm-none-eabi/lib/thumb/v8-m.main+fp/hard\libc_nano.a(lib_a-init.o)
 .ARM.attributes
                0x0000000000000334       0x38 c:/st/stm32cubeide_1.7.0/stm32cubeide/plugins/com.st.stm32cube.ide.mcu.externaltools.gnu-tools-for-stm32.9-2020-q2-update.win32_2.0.0.202105311346/tools/bin/../lib/gcc/arm-none-eabi/9.3.1/../../../../arm-none-eabi/lib/thumb/v8-m.main+fp/hard\libc_nano.a(lib_a-memset.o)
 .ARM.attributes
                0x000000000000036c       0x22 c:/st/stm32cubeide_1.7.0/stm32cubeide/plugins/com.st.stm32cube.ide.mcu.externaltools.gnu-tools-for-stm32.9-2020-q2-update.win32_2.0.0.202105311346/tools/bin/../lib/gcc/arm-none-eabi/9.3.1/thumb/v8-m.main+fp/hard/crtn.o
OUTPUT(GPIO_EXTI.elf elf32-littlearm)
LOAD linker stubs
LOAD c:/st/stm32cubeide_1.7.0/stm32cubeide/plugins/com.st.stm32cube.ide.mcu.externaltools.gnu-tools-for-stm32.9-2020-q2-update.win32_2.0.0.202105311346/tools/bin/../lib/gcc/arm-none-eabi/9.3.1/../../../../arm-none-eabi/lib/thumb/v8-m.main+fp/hard\libc.a
LOAD c:/st/stm32cubeide_1.7.0/stm32cubeide/plugins/com.st.stm32cube.ide.mcu.externaltools.gnu-tools-for-stm32.9-2020-q2-update.win32_2.0.0.202105311346/tools/bin/../lib/gcc/arm-none-eabi/9.3.1/../../../../arm-none-eabi/lib/thumb/v8-m.main+fp/hard\libm.a
LOAD c:/st/stm32cubeide_1.7.0/stm32cubeide/plugins/com.st.stm32cube.ide.mcu.externaltools.gnu-tools-for-stm32.9-2020-q2-update.win32_2.0.0.202105311346/tools/bin/../lib/gcc/arm-none-eabi/9.3.1/thumb/v8-m.main+fp/hard\libgcc.a

.debug_line     0x0000000000000000     0x7b93
 .debug_line    0x0000000000000000       0x8f ./Application/Startup/startup_stm32l562qeixq.o
 .debug_line    0x000000000000008f      0x8cf ./Application/User/main.o
 .debug_line    0x000000000000095e      0x7f9 ./Application/User/stm32l5xx_hal_msp.o
 .debug_line    0x0000000000001157      0x8cc ./Application/User/stm32l5xx_it.o
 .debug_line    0x0000000000001a23      0x987 ./Drivers/BSP/STM32L562E-DK/stm32l562e_discovery.o
 .debug_line    0x00000000000023aa      0x805 ./Drivers/CMSIS/system_stm32l5xx.o
 .debug_line    0x0000000000002baf      0xb50 ./Drivers/STM32L5xx_HAL_Driver/stm32l5xx_hal.o
 .debug_line    0x00000000000036ff      0xd48 ./Drivers/STM32L5xx_HAL_Driver/stm32l5xx_hal_cortex.o
 .debug_line    0x0000000000004447      0xb95 ./Drivers/STM32L5xx_HAL_Driver/stm32l5xx_hal_gpio.o
 .debug_line    0x0000000000004fdc      0xa30 ./Drivers/STM32L5xx_HAL_Driver/stm32l5xx_hal_icache.o
 .debug_line    0x0000000000005a0c      0xef8 ./Drivers/STM32L5xx_HAL_Driver/stm32l5xx_hal_pwr_ex.o
 .debug_line    0x0000000000006904     0x128f ./Drivers/STM32L5xx_HAL_Driver/stm32l5xx_hal_rcc.o

.debug_info     0x0000000000000000     0x7e21
 .debug_info    0x0000000000000000       0x22 ./Application/Startup/startup_stm32l562qeixq.o
 .debug_info    0x0000000000000022      0xc06 ./Application/User/main.o
 .debug_info    0x0000000000000c28      0x59a ./Application/User/stm32l5xx_hal_msp.o
 .debug_info    0x00000000000011c2      0x31a ./Application/User/stm32l5xx_it.o
 .debug_info    0x00000000000014dc      0xf27 ./Drivers/BSP/STM32L562E-DK/stm32l562e_discovery.o
 .debug_info    0x0000000000002403      0x925 ./Drivers/CMSIS/system_stm32l5xx.o
 .debug_info    0x0000000000002d28      0xe38 ./Drivers/STM32L5xx_HAL_Driver/stm32l5xx_hal.o
 .debug_info    0x0000000000003b60     0x1313 ./Drivers/STM32L5xx_HAL_Driver/stm32l5xx_hal_cortex.o
 .debug_info    0x0000000000004e73      0x80f ./Drivers/STM32L5xx_HAL_Driver/stm32l5xx_hal_gpio.o
 .debug_info    0x0000000000005682      0x6cf ./Drivers/STM32L5xx_HAL_Driver/stm32l5xx_hal_icache.o
 .debug_info    0x0000000000005d51      0xf86 ./Drivers/STM32L5xx_HAL_Driver/stm32l5xx_hal_pwr_ex.o
 .debug_info    0x0000000000006cd7     0x114a ./Drivers/STM32L5xx_HAL_Driver/stm32l5xx_hal_rcc.o

.debug_abbrev   0x0000000000000000     0x171f
 .debug_abbrev  0x0000000000000000       0x12 ./Application/Startup/startup_stm32l562qeixq.o
 .debug_abbrev  0x0000000000000012      0x1e7 ./Application/User/main.o
 .debug_abbrev  0x00000000000001f9      0x14e ./Application/User/stm32l5xx_hal_msp.o
 .debug_abbrev  0x0000000000000347       0xf2 ./Application/User/stm32l5xx_it.o
 .debug_abbrev  0x0000000000000439      0x259 ./Drivers/BSP/STM32L562E-DK/stm32l562e_discovery.o
 .debug_abbrev  0x0000000000000692      0x176 ./Drivers/CMSIS/system_stm32l5xx.o
 .debug_abbrev  0x0000000000000808      0x29d ./Drivers/STM32L5xx_HAL_Driver/stm32l5xx_hal.o
 .debug_abbrev  0x0000000000000aa5      0x343 ./Drivers/STM32L5xx_HAL_Driver/stm32l5xx_hal_cortex.o
 .debug_abbrev  0x0000000000000de8      0x1df ./Drivers/STM32L5xx_HAL_Driver/stm32l5xx_hal_gpio.o
 .debug_abbrev  0x0000000000000fc7      0x22f ./Drivers/STM32L5xx_HAL_Driver/stm32l5xx_hal_icache.o
 .debug_abbrev  0x00000000000011f6      0x283 ./Drivers/STM32L5xx_HAL_Driver/stm32l5xx_hal_pwr_ex.o
 .debug_abbrev  0x0000000000001479      0x2a6 ./Drivers/STM32L5xx_HAL_Driver/stm32l5xx_hal_rcc.o

.debug_aranges  0x0000000000000000      0x778
 .debug_aranges
                0x0000000000000000       0x28 ./Application/Startup/startup_stm32l562qeixq.o
 .debug_aranges
                0x0000000000000028       0x48 ./Application/User/main.o
 .debug_aranges
                0x0000000000000070       0x20 ./Application/User/stm32l5xx_hal_msp.o
 .debug_aranges
                0x0000000000000090       0x68 ./Application/User/stm32l5xx_it.o
 .debug_aranges
                0x00000000000000f8       0x90 ./Drivers/BSP/STM32L562E-DK/stm32l562e_discovery.o
 .debug_aranges
                0x0000000000000188       0x28 ./Drivers/CMSIS/system_stm32l5xx.o
 .debug_aranges
                0x00000000000001b0      0x130 ./Drivers/STM32L5xx_HAL_Driver/stm32l5xx_hal.o
 .debug_aranges
                0x00000000000002e0      0x130 ./Drivers/STM32L5xx_HAL_Driver/stm32l5xx_hal_cortex.o
 .debug_aranges
                0x0000000000000410       0x60 ./Drivers/STM32L5xx_HAL_Driver/stm32l5xx_hal_gpio.o
 .debug_aranges
                0x0000000000000470       0xa8 ./Drivers/STM32L5xx_HAL_Driver/stm32l5xx_hal_icache.o
 .debug_aranges
                0x0000000000000518      0x1b8 ./Drivers/STM32L5xx_HAL_Driver/stm32l5xx_hal_pwr_ex.o
 .debug_aranges
                0x00000000000006d0       0xa8 ./Drivers/STM32L5xx_HAL_Driver/stm32l5xx_hal_rcc.o

.debug_str      0x0000000000000000    0xf9d4a
 .debug_str     0x0000000000000000       0xb9 ./Application/Startup/startup_stm32l562qeixq.o
 .debug_str     0x00000000000000b9    0xf7822 ./Application/User/main.o
                                      0xf7bb9 (size before relaxing)
 .debug_str     0x00000000000f78db       0x8c ./Application/User/stm32l5xx_hal_msp.o
                                      0xf732d (size before relaxing)
 .debug_str     0x00000000000f7967      0x12f ./Application/User/stm32l5xx_it.o
                                      0xf721b (size before relaxing)
 .debug_str     0x00000000000f7a96      0x2e1 ./Drivers/BSP/STM32L562E-DK/stm32l562e_discovery.o
                                      0xf7c5a (size before relaxing)
 .debug_str     0x00000000000f7d77      0x1a8 ./Drivers/CMSIS/system_stm32l5xx.o
                                      0xf6c89 (size before relaxing)
 .debug_str     0x00000000000f7f1f      0x55b ./Drivers/STM32L5xx_HAL_Driver/stm32l5xx_hal.o
                                      0xf7739 (size before relaxing)
 .debug_str     0x00000000000f847a      0x436 ./Drivers/STM32L5xx_HAL_Driver/stm32l5xx_hal_cortex.o
                                      0xf7624 (size before relaxing)
 .debug_str     0x00000000000f88b0      0x1e1 ./Drivers/STM32L5xx_HAL_Driver/stm32l5xx_hal_gpio.o
                                      0xf6c34 (size before relaxing)
 .debug_str     0x00000000000f8a91      0x6e3 ./Drivers/STM32L5xx_HAL_Driver/stm32l5xx_hal_icache.o
                                      0xf707b (size before relaxing)
 .debug_str     0x00000000000f9174      0x770 ./Drivers/STM32L5xx_HAL_Driver/stm32l5xx_hal_pwr_ex.o
                                      0xf73da (size before relaxing)
 .debug_str     0x00000000000f98e4      0x466 ./Drivers/STM32L5xx_HAL_Driver/stm32l5xx_hal_rcc.o
                                      0xf722d (size before relaxing)

.debug_ranges   0x0000000000000000      0x6c0
 .debug_ranges  0x0000000000000000       0x20 ./Application/Startup/startup_stm32l562qeixq.o
 .debug_ranges  0x0000000000000020       0x38 ./Application/User/main.o
 .debug_ranges  0x0000000000000058       0x10 ./Application/User/stm32l5xx_hal_msp.o
 .debug_ranges  0x0000000000000068       0x58 ./Application/User/stm32l5xx_it.o
 .debug_ranges  0x00000000000000c0       0x80 ./Drivers/BSP/STM32L562E-DK/stm32l562e_discovery.o
 .debug_ranges  0x0000000000000140       0x18 ./Drivers/CMSIS/system_stm32l5xx.o
 .debug_ranges  0x0000000000000158      0x120 ./Drivers/STM32L5xx_HAL_Driver/stm32l5xx_hal.o
 .debug_ranges  0x0000000000000278      0x120 ./Drivers/STM32L5xx_HAL_Driver/stm32l5xx_hal_cortex.o
 .debug_ranges  0x0000000000000398       0x50 ./Drivers/STM32L5xx_HAL_Driver/stm32l5xx_hal_gpio.o
 .debug_ranges  0x00000000000003e8       0x98 ./Drivers/STM32L5xx_HAL_Driver/stm32l5xx_hal_icache.o
 .debug_ranges  0x0000000000000480      0x1a8 ./Drivers/STM32L5xx_HAL_Driver/stm32l5xx_hal_pwr_ex.o
 .debug_ranges  0x0000000000000628       0x98 ./Drivers/STM32L5xx_HAL_Driver/stm32l5xx_hal_rcc.o

.debug_macro    0x0000000000000000    0x2763d
 .debug_macro   0x0000000000000000      0x1f3 ./Application/User/main.o
 .debug_macro   0x00000000000001f3      0xaae ./Application/User/main.o
 .debug_macro   0x0000000000000ca1      0x18a ./Application/User/main.o
 .debug_macro   0x0000000000000e2b       0x2e ./Application/User/main.o
 .debug_macro   0x0000000000000e59       0x42 ./Application/User/main.o
 .debug_macro   0x0000000000000e9b       0x22 ./Application/User/main.o
 .debug_macro   0x0000000000000ebd       0x8e ./Application/User/main.o
 .debug_macro   0x0000000000000f4b       0x51 ./Application/User/main.o
 .debug_macro   0x0000000000000f9c      0x103 ./Application/User/main.o
 .debug_macro   0x000000000000109f       0x6a ./Application/User/main.o
 .debug_macro   0x0000000000001109      0x1df ./Application/User/main.o
 .debug_macro   0x00000000000012e8       0x1c ./Application/User/main.o
 .debug_macro   0x0000000000001304       0x29 ./Application/User/main.o
 .debug_macro   0x000000000000132d      0x101 ./Application/User/main.o
 .debug_macro   0x000000000000142e     0x1336 ./Application/User/main.o
 .debug_macro   0x0000000000002764       0x5e ./Application/User/main.o
 .debug_macro   0x00000000000027c2    0x1bca6 ./Application/User/main.o
 .debug_macro   0x000000000001e468       0x6c ./Application/User/main.o
 .debug_macro   0x000000000001e4d4     0x3535 ./Application/User/main.o
 .debug_macro   0x0000000000021a09      0x174 ./Application/User/main.o
 .debug_macro   0x0000000000021b7d       0x5c ./Application/User/main.o
 .debug_macro   0x0000000000021bd9     0x19cd ./Application/User/main.o
 .debug_macro   0x00000000000235a6      0xa52 ./Application/User/main.o
 .debug_macro   0x0000000000023ff8      0x1cf ./Application/User/main.o
 .debug_macro   0x00000000000241c7      0x1d8 ./Application/User/main.o
 .debug_macro   0x000000000002439f      0x4e1 ./Application/User/main.o
 .debug_macro   0x0000000000024880      0x1ab ./Application/User/main.o
 .debug_macro   0x0000000000024a2b       0x4a ./Application/User/main.o
 .debug_macro   0x0000000000024a75      0x1b9 ./Application/User/main.o
 .debug_macro   0x0000000000024c2e      0x230 ./Application/User/main.o
 .debug_macro   0x0000000000024e5e      0x3bb ./Application/User/main.o
 .debug_macro   0x0000000000025219       0x36 ./Application/User/main.o
 .debug_macro   0x000000000002524f      0x11c ./Application/User/main.o
 .debug_macro   0x000000000002536b      0x22c ./Application/User/main.o
 .debug_macro   0x0000000000025597       0x5b ./Application/User/main.o
 .debug_macro   0x00000000000255f2       0xa5 ./Application/User/main.o
 .debug_macro   0x0000000000025697       0xc8 ./Application/User/main.o
 .debug_macro   0x000000000002575f      0x199 ./Application/User/main.o
 .debug_macro   0x00000000000258f8      0x487 ./Application/User/main.o
 .debug_macro   0x0000000000025d7f      0x3f1 ./Application/User/main.o
 .debug_macro   0x0000000000026170       0x4c ./Application/User/main.o
 .debug_macro   0x00000000000261bc       0x94 ./Application/User/main.o
 .debug_macro   0x0000000000026250       0x90 ./Application/User/main.o
 .debug_macro   0x00000000000262e0      0x1f3 ./Application/User/stm32l5xx_hal_msp.o
 .debug_macro   0x00000000000264d3      0x1fd ./Application/User/stm32l5xx_it.o
 .debug_macro   0x00000000000266d0      0x1ef ./Drivers/BSP/STM32L562E-DK/stm32l562e_discovery.o
 .debug_macro   0x00000000000268bf       0x46 ./Drivers/BSP/STM32L562E-DK/stm32l562e_discovery.o
 .debug_macro   0x0000000000026905      0x1c8 ./Drivers/CMSIS/system_stm32l5xx.o
 .debug_macro   0x0000000000026acd      0x1f8 ./Drivers/STM32L5xx_HAL_Driver/stm32l5xx_hal.o
 .debug_macro   0x0000000000026cc5      0x1c8 ./Drivers/STM32L5xx_HAL_Driver/stm32l5xx_hal_cortex.o
 .debug_macro   0x0000000000026e8d      0x1ce ./Drivers/STM32L5xx_HAL_Driver/stm32l5xx_hal_gpio.o
 .debug_macro   0x000000000002705b      0x1f8 ./Drivers/STM32L5xx_HAL_Driver/stm32l5xx_hal_icache.o
 .debug_macro   0x0000000000027253      0x1f8 ./Drivers/STM32L5xx_HAL_Driver/stm32l5xx_hal_pwr_ex.o
 .debug_macro   0x000000000002744b      0x1f2 ./Drivers/STM32L5xx_HAL_Driver/stm32l5xx_hal_rcc.o

.comment        0x0000000000000000       0x53
 .comment       0x0000000000000000       0x53 ./Application/User/main.o
                                         0x54 (size before relaxing)
 .comment       0x0000000000000053       0x54 ./Application/User/stm32l5xx_hal_msp.o
 .comment       0x0000000000000053       0x54 ./Application/User/stm32l5xx_it.o
 .comment       0x0000000000000053       0x54 ./Drivers/BSP/STM32L562E-DK/stm32l562e_discovery.o
 .comment       0x0000000000000053       0x54 ./Drivers/CMSIS/system_stm32l5xx.o
 .comment       0x0000000000000053       0x54 ./Drivers/STM32L5xx_HAL_Driver/stm32l5xx_hal.o
 .comment       0x0000000000000053       0x54 ./Drivers/STM32L5xx_HAL_Driver/stm32l5xx_hal_cortex.o
 .comment       0x0000000000000053       0x54 ./Drivers/STM32L5xx_HAL_Driver/stm32l5xx_hal_gpio.o
 .comment       0x0000000000000053       0x54 ./Drivers/STM32L5xx_HAL_Driver/stm32l5xx_hal_icache.o
 .comment       0x0000000000000053       0x54 ./Drivers/STM32L5xx_HAL_Driver/stm32l5xx_hal_pwr_ex.o
 .comment       0x0000000000000053       0x54 ./Drivers/STM32L5xx_HAL_Driver/stm32l5xx_hal_rcc.o

.debug_frame    0x0000000000000000     0x1c38
 .debug_frame   0x0000000000000000       0xcc ./Application/User/main.o
 .debug_frame   0x00000000000000cc       0x34 ./Application/User/stm32l5xx_hal_msp.o
 .debug_frame   0x0000000000000100      0x128 ./Application/User/stm32l5xx_it.o
 .debug_frame   0x0000000000000228      0x21c ./Drivers/BSP/STM32L562E-DK/stm32l562e_discovery.o
 .debug_frame   0x0000000000000444       0x58 ./Drivers/CMSIS/system_stm32l5xx.o
 .debug_frame   0x000000000000049c      0x4a4 ./Drivers/STM32L5xx_HAL_Driver/stm32l5xx_hal.o
 .debug_frame   0x0000000000000940      0x508 ./Drivers/STM32L5xx_HAL_Driver/stm32l5xx_hal_cortex.o
 .debug_frame   0x0000000000000e48      0x174 ./Drivers/STM32L5xx_HAL_Driver/stm32l5xx_hal_gpio.o
 .debug_frame   0x0000000000000fbc      0x29c ./Drivers/STM32L5xx_HAL_Driver/stm32l5xx_hal_icache.o
 .debug_frame   0x0000000000001258      0x6fc ./Drivers/STM32L5xx_HAL_Driver/stm32l5xx_hal_pwr_ex.o
 .debug_frame   0x0000000000001954      0x298 ./Drivers/STM32L5xx_HAL_Driver/stm32l5xx_hal_rcc.o
 .debug_frame   0x0000000000001bec       0x2c c:/st/stm32cubeide_1.7.0/stm32cubeide/plugins/com.st.stm32cube.ide.mcu.externaltools.gnu-tools-for-stm32.9-2020-q2-update.win32_2.0.0.202105311346/tools/bin/../lib/gcc/arm-none-eabi/9.3.1/../../../../arm-none-eabi/lib/thumb/v8-m.main+fp/hard\libc_nano.a(lib_a-init.o)
 .debug_frame   0x0000000000001c18       0x20 c:/st/stm32cubeide_1.7.0/stm32cubeide/plugins/com.st.stm32cube.ide.mcu.externaltools.gnu-tools-for-stm32.9-2020-q2-update.win32_2.0.0.202105311346/tools/bin/../lib/gcc/arm-none-eabi/9.3.1/../../../../arm-none-eabi/lib/thumb/v8-m.main+fp/hard\libc_nano.a(lib_a-memset.o)
